can be deleted later